// Jest Snapshot v1, https://goo.gl/fbAQLP

exports[`AddExamFormModal renders correctly 1`] = `null`;
