// Jest Snapshot v1, https://goo.gl/fbAQLP

exports[`SubHeader renders correctly 1`] = `
<div
  className="SubHeader clearfix"
>
  <div
    className="SubHeader-title-wrapper"
  >
    <h4>
      Provas
    </h4>
  </div>
  <div
    className="SubHeader-add-button-wrapper"
  >
    <button
      className="btn btn-success"
      disabled={false}
      onClick={[Function]}
      type="button"
    >
      Novo
    </button>
  </div>
</div>
`;
